[2026-08-20T03:50:08.658Z] POST https://twinfinance.notion.site/api/v3/ping → 200 (202ms, 834B)
[2026-08-20T03:50:13.657Z] POST https://twinfinance.notion.site/api/v3/ping → 200 (245ms, 831B)
[2026-08-20T03:50:18.658Z] POST https://twinfinance.notion.site/api/v3/ping → 200 (239ms, 830B)
[2026-08-20T03:50:23.660Z] POST https://twinfinance.notion.site/api/v3/ping → 200 (372ms, 833B)
[2026-08-20T03:50:25.266Z] POST https://twinfinance.notion.site/api/v3/getAssetsJsonV2 → 200 (767ms, 862B)
[2026-08-20T03:50:25.933Z] GET https://app.notion.com/exp/ping → 200 (103ms, 318B)
[2026-08-20T03:50:26.037Z] POST https://http-inputs-notion.splunkcloud.com/services/collector/raw → 200 (459ms, 270B)
[2026-08-20T03:50:28.656Z] POST https://twinfinance.notion.site/api/v3/ping → 200 (213ms, 832B)
[2026-08-20T03:50:33.656Z] POST https://twinfinance.notion.site/api/v3/ping → 200 (225ms, 833B)
[2026-08-20T03:50:38.657Z] POST https://twinfinance.notion.site/api/v3/ping → 200 (316ms, 837B)
[2026-08-20T03:50:43.657Z] POST https://twinfinance.notion.site/api/v3/ping → 200 (266ms, 835B)
[2026-08-20T03:50:48.658Z] POST https://twinfinance.notion.site/api/v3/ping → 200 (363ms, 831B)
[2026-08-20T03:50:53.661Z] POST https://twinfinance.notion.site/api/v3/ping → 200 (242ms, 835B)
[2026-08-20T03:50:55.932Z] GET https://app.notion.com/exp/ping → 200 (30ms, 405B)
[2026-08-20T03:50:55.962Z] POST https://http-inputs-notion.splunkcloud.com/services/collector/raw → pending (?ms, ?B)
[2026-08-20T03:50:58.657Z] POST https://twinfinance.notion.site/api/v3/ping → pending (?ms, ?B)
[2026-08-20T03:51:03.658Z] POST https://twinfinance.notion.site/api/v3/ping → pending (?ms, ?B)
[2026-08-20T03:51:08.657Z] POST https://twinfinance.notion.site/api/v3/ping → 200 (285ms, 834B)
[2026-08-20T03:51:13.656Z] POST https://twinfinance.notion.site/api/v3/ping → 200 (315ms, 831B)
[2026-08-20T03:51:18.659Z] POST https://twinfinance.notion.site/api/v3/ping → 200 (334ms, 831B)
[2026-08-20T03:51:23.659Z] POST https://twinfinance.notion.site/api/v3/ping → 200 (366ms, 833B)
[2026-08-20T03:51:25.270Z] POST https://twinfinance.notion.site/api/v3/getAssetsJsonV2 → 200 (290ms, 862B)
[2026-08-20T03:51:25.935Z] GET https://app.notion.com/exp/ping → 200 (70ms, 315B)
[2026-08-20T03:51:26.006Z] POST https://http-inputs-notion.splunkcloud.com/services/collector/raw → pending (?ms, ?B)
[2026-08-20T03:51:28.658Z] POST https://twinfinance.notion.site/api/v3/ping → 200 (356ms, 831B)
[2026-08-20T03:51:33.657Z] POST https://twinfinance.notion.site/api/v3/ping → 200 (208ms, 833B)
