[2026-08-20T04:04:04.583Z] [info] %cDownload the React DevTools for a better development experience: https://react.dev/link/react-devtools font-weight:bold
[2026-08-20T04:04:04.627Z] [log] [HMR] connected
[2026-08-20T04:04:04.856Z] [log] [Fast Refresh] rebuilding
[2026-08-20T04:04:04.963Z] [log] [Fast Refresh] done in 209ms
[2026-08-20T04:04:21.766Z] [log] [Fast Refresh] rebuilding
[2026-08-20T04:04:22.023Z] [log] [Fast Refresh] done in 315ms
[2026-08-20T04:04:25.995Z] [info] 2026-08-20T04:04:25.991Z [info] useExpPingPolling: exp_ping_success {data: Object}
[2026-08-20T04:04:51.742Z] [log] [Fast Refresh] rebuilding
[2026-08-20T04:04:51.804Z] [log] [Fast Refresh] done in 134ms
[2026-08-20T04:04:55.988Z] [info] 2026-08-20T04:04:55.986Z [info] useExpPingPolling: exp_ping_success {data: Object}
[2026-08-20T04:05:26.001Z] [info] 2026-08-20T04:05:25.999Z [info] useExpPingPolling: exp_ping_success {data: Object}
[2026-08-20T04:05:44.440Z] [log] [Fast Refresh] rebuilding
[2026-08-20T04:05:44.690Z] [log] [Fast Refresh] done in 195ms
[2026-08-20T04:05:56.052Z] [info] 2026-08-20T04:05:56.049Z [info] useExpPingPolling: exp_ping_success {data: Object}
[2026-08-20T04:06:12.434Z] [log] [Fast Refresh] rebuilding
[2026-08-20T04:06:12.438Z] [log] [Fast Refresh] done in 10ms
[2026-08-20T04:06:26.003Z] [info] 2026-08-20T04:06:26.000Z [info] useExpPingPolling: exp_ping_success {data: Object}
[2026-08-20T04:07:08.820Z] [log] [Fast Refresh] rebuilding
[2026-08-20T04:07:08.832Z] [log] [Fast Refresh] done in 26ms
[2026-08-20T04:07:38.081Z] [log] [Fast Refresh] rebuilding
[2026-08-20T04:07:38.146Z] [log] [Fast Refresh] done in 1ms
[2026-08-20T04:07:52.307Z] [log] [Fast Refresh] done in 1ms
[2026-08-20T04:10:25.998Z] [log] [Fast Refresh] done in 1ms
[2026-08-20T04:10:59.149Z] [log] [Fast Refresh] done in 1ms
[2026-08-20T04:11:39.787Z] [log] [Fast Refresh] done in 1ms
[2026-08-20T04:11:40.161Z] [log] [Fast Refresh] done in 1ms
[2026-08-20T04:12:32.075Z] [log] [Fast Refresh] rebuilding
[2026-08-20T04:12:32.115Z] [log] [Fast Refresh] done in 8ms
[2026-08-20T04:12:51.952Z] [log] [Fast Refresh] done in 8ms
[2026-08-20T04:13:12.336Z] [log] [Fast Refresh] done in 8ms
[2026-08-20T04:13:47.097Z] [log] [Fast Refresh] done in 8ms
[2026-08-20T04:13:57.335Z] [log] [Fast Refresh] done in 8ms
